============================= test session starts =============================
platform win32 -- Python 3.13.7, pytest-9.1.1, pluggy-1.6.0 -- C:\Program Files\Python313\python.exe
cachedir: .pytest_cache
rootdir: D:\HuynhHan\Bigdata\bigdata-lab04-pipeline
configfile: pytest.ini
plugins: anyio-4.13.0
collecting ... collected 6 items

tests/test_parser_contract.py::ParserContractTests::test_cli_supports_script_and_module_import_modes 
tests/test_parser_contract.py::ParserContractTests::test_cli_supports_script_and_module_import_modes PASSED [ 16%]
tests/test_parser_contract.py::ParserContractTests::test_each_call_site_has_a_distinct_edge PASSED [ 33%]
tests/test_parser_contract.py::ParserContractTests::test_ids_are_full_sha256_unique_and_deterministic PASSED [ 50%]
tests/test_parser_contract.py::ParserContractTests::test_repo_and_normalized_file_path_participate_in_identity PASSED [ 66%]
tests/test_parser_contract.py::ParserContractTests::test_success_events_have_consistent_context_and_aware_utc_time PASSED [ 83%]
tests/test_parser_contract.py::ParserContractTests::test_syntax_error_emits_error_metadata_and_error_event PASSED [100%]

==================== 6 passed, 2 subtests passed in 0.23s =====================
